// Jest Snapshot v1, https://goo.gl/fbAQLP

exports[`Pruevas en GifGrid Item Debe de mostrar el componenete correctamente 1`] = `
<div
  className="card animate__animated animate__bounce"
>
  <img
    alt="Un titulo"
    src="https://localhots/algo.jpg"
  />
  <p>
     
    Un titulo
     
  </p>
</div>
`;
